This file contains any messages produced by compilers while
running configure, to aid debugging if configure makes a mistake.

It was created by tol configure 1.1.7, which was
generated by GNU Autoconf 2.71.  Invocation command line was

  $ ./configure --prefix=/home/augment-agent/tol-install --with-lapack-libraries=/usr/lib/x86_64-linux-gnu --with-cholmod-includes=/usr/include/suitesparse --disable-OIS

## --------- ##
## Platform. ##
## --------- ##

hostname = 11984eee3755
uname -m = x86_64
uname -r = 6.12.29-aug1
uname -s = Linux
uname -v = #1 SMP PREEMPT_DYNAMIC Tue Nov 14 22:13:20 UTC 2023

/usr/bin/uname -p = x86_64
/bin/uname -X     = unknown

/bin/arch              = x86_64
/usr/bin/arch -k       = unknown
/usr/convex/getsysinfo = unknown
/usr/bin/hostinfo      = unknown
/bin/machine           = unknown
/usr/bin/oslevel       = unknown
/bin/universe          = unknown

PATH: /home/linuxbrew/.linuxbrew/bin/
PATH: /home/linuxbrew/.linuxbrew/sbin/
PATH: /usr/local/go/bin/
PATH: /home/linuxbrew/.linuxbrew/bin/
PATH: /home/linuxbrew/.linuxbrew/sbin/
PATH: /usr/local/go/bin/
PATH: /usr/local/sbin/
PATH: /usr/local/bin/
PATH: /usr/sbin/
PATH: /usr/bin/
PATH: /sbin/
PATH: /bin/


## ----------- ##
## Core tests. ##
## ----------- ##

configure:2912: looking for aux files: config.guess config.sub ltmain.sh compile missing install-sh
configure:2925:  trying ./config/
configure:2954:   ./config/config.guess found
configure:2954:   ./config/config.sub found
configure:2954:   ./config/ltmain.sh found
configure:2954:   ./config/compile found
configure:2954:   ./config/missing found
configure:2936:   ./config/install-sh found
configure:3087: checking for a BSD-compatible install
configure:3160: result: /usr/bin/install -c
configure:3171: checking whether build environment is sane
configure:3226: result: yes
configure:3385: checking for a race-free mkdir -p
configure:3429: result: /usr/bin/mkdir -p
configure:3436: checking for gawk
configure:3471: result: no
configure:3436: checking for mawk
configure:3457: found /usr/bin/mawk
configure:3468: result: mawk
configure:3479: checking whether make sets $(MAKE)
configure:3502: result: yes
configure:3532: checking whether make supports nested variables
configure:3550: result: yes
configure:3704: checking whether make supports the include directive
configure:3719: make -f confmf.GNU && cat confinc.out
this is the am__doit target
configure:3722: $? = 0
configure:3741: result: yes (GNU style)
configure:3817: checking for gcc
configure:3838: found /usr/bin/gcc
configure:3849: result: gcc
configure:4202: checking for C compiler version
configure:4211: gcc --version >&5
gcc (Ubuntu 11.4.0-1ubuntu1~22.04) 11.4.0
Copyright (C) 2021 Free Software Foundation, Inc.
This is free software; see the source for copying conditions.  There is NO
warranty; not even for MERCHANTABILITY or FITNESS FOR A PARTICULAR PURPOSE.

configure:4222: $? = 0
configure:4211: gcc -v >&5
Using built-in specs.
COLLECT_GCC=gcc
COLLECT_LTO_WRAPPER=/usr/lib/gcc/x86_64-linux-gnu/11/lto-wrapper
OFFLOAD_TARGET_NAMES=nvptx-none:amdgcn-amdhsa
OFFLOAD_TARGET_DEFAULT=1
Target: x86_64-linux-gnu
Configured with: ../src/configure -v --with-pkgversion='Ubuntu 11.4.0-1ubuntu1~22.04' --with-bugurl=file:///usr/share/doc/gcc-11/README.Bugs --enable-languages=c,ada,c++,go,brig,d,fortran,objc,obj-c++,m2 --prefix=/usr --with-gcc-major-version-only --program-suffix=-11 --program-prefix=x86_64-linux-gnu- --enable-shared --enable-linker-build-id --libexecdir=/usr/lib --without-included-gettext --enable-threads=posix --libdir=/usr/lib --enable-nls --enable-bootstrap --enable-clocale=gnu --enable-libstdcxx-debug --enable-libstdcxx-time=yes --with-default-libstdcxx-abi=new --enable-gnu-unique-object --disable-vtable-verify --enable-plugin --enable-default-pie --with-system-zlib --enable-libphobos-checking=release --with-target-system-zlib=auto --enable-objc-gc=auto --enable-multiarch --disable-werror --enable-cet --with-arch-32=i686 --with-abi=m64 --with-multilib-list=m32,m64,mx32 --enable-multilib --with-tune=generic --enable-offload-targets=nvptx-none=/build/gcc-11-XeT9lY/gcc-11-11.4.0/debian/tmp-nvptx/usr,amdgcn-amdhsa=/build/gcc-11-XeT9lY/gcc-11-11.4.0/debian/tmp-gcn/usr --without-cuda-driver --enable-checking=release --build=x86_64-linux-gnu --host=x86_64-linux-gnu --target=x86_64-linux-gnu --with-build-config=bootstrap-lto-lean --enable-link-serialization=2
Thread model: posix
Supported LTO compression algorithms: zlib zstd
gcc version 11.4.0 (Ubuntu 11.4.0-1ubuntu1~22.04) 
... rest of stderr output deleted ...
configure:4222: $? = 0
configure:4211: gcc -V >&5
gcc: error: unrecognized command-line option '-V'
gcc: fatal error: no input files
compilation terminated.
configure:4222: $? = 1
configure:4211: gcc -qversion >&5
gcc: error: unrecognized command-line option '-qversion'; did you mean '--version'?
gcc: fatal error: no input files
compilation terminated.
configure:4222: $? = 1
configure:4211: gcc -version >&5
gcc: error: unrecognized command-line option '-version'
gcc: fatal error: no input files
compilation terminated.
configure:4222: $? = 1
configure:4242: checking whether the C compiler works
configure:4264: gcc    conftest.c  >&5
configure:4268: $? = 0
configure:4318: result: yes
configure:4321: checking for C compiler default output file name
configure:4323: result: a.out
configure:4329: checking for suffix of executables
configure:4336: gcc -o conftest    conftest.c  >&5
configure:4340: $? = 0
configure:4363: result: 
configure:4385: checking whether we are cross compiling
configure:4393: gcc -o conftest    conftest.c  >&5
configure:4397: $? = 0
configure:4404: ./conftest
configure:4408: $? = 0
configure:4423: result: no
configure:4428: checking for suffix of object files
configure:4451: gcc -c   conftest.c >&5
configure:4455: $? = 0
configure:4477: result: o
configure:4481: checking whether the compiler supports GNU C
configure:4501: gcc -c   conftest.c >&5
configure:4501: $? = 0
configure:4511: result: yes
configure:4522: checking whether gcc accepts -g
configure:4543: gcc -c -g  conftest.c >&5
configure:4543: $? = 0
configure:4587: result: yes
configure:4607: checking for gcc option to enable C11 features
configure:4622: gcc  -c -g -O2  conftest.c >&5
configure:4622: $? = 0
configure:4640: result: none needed
configure:4756: checking whether gcc understands -c and -o together
configure:4779: gcc -c conftest.c -o conftest2.o
configure:4782: $? = 0
configure:4779: gcc -c conftest.c -o conftest2.o
configure:4782: $? = 0
configure:4794: result: yes
configure:4813: checking dependency style of gcc
configure:4925: result: gcc3
configure:4945: checking how to run the C preprocessor
configure:4971: gcc -E  conftest.c
configure:4971: $? = 0
configure:4986: gcc -E  conftest.c
conftest.c:11:10: fatal error: ac_nonexistent.h: No such file or directory
   11 | #include <ac_nonexistent.h>
      |          ^~~~~~~~~~~~~~~~~~
compilation terminated.
configure:4986: $? = 1
configure: failed program was:
| /* confdefs.h */
| #define PACKAGE_NAME "tol"
| #define PACKAGE_TARNAME "tol"
| #define PACKAGE_VERSION "1.1.7"
| #define PACKAGE_STRING "tol 1.1.7"
| #define PACKAGE_BUGREPORT "daniel@uponeits.com"
| #define PACKAGE_URL ""
| #define PACKAGE "tol"
| #define VERSION "1.1.7"
| /* end confdefs.h.  */
| #include <ac_nonexistent.h>
configure:5013: result: gcc -E
configure:5027: gcc -E  conftest.c
configure:5027: $? = 0
configure:5042: gcc -E  conftest.c
conftest.c:11:10: fatal error: ac_nonexistent.h: No such file or directory
   11 | #include <ac_nonexistent.h>
      |          ^~~~~~~~~~~~~~~~~~
compilation terminated.
configure:5042: $? = 1
configure: failed program was:
| /* confdefs.h */
| #define PACKAGE_NAME "tol"
| #define PACKAGE_TARNAME "tol"
| #define PACKAGE_VERSION "1.1.7"
| #define PACKAGE_STRING "tol 1.1.7"
| #define PACKAGE_BUGREPORT "daniel@uponeits.com"
| #define PACKAGE_URL ""
| #define PACKAGE "tol"
| #define VERSION "1.1.7"
| /* end confdefs.h.  */
| #include <ac_nonexistent.h>
configure:5125: checking for gcc
configure:5157: result: gcc
configure:5510: checking for C compiler version
configure:5519: gcc --version >&5
gcc (Ubuntu 11.4.0-1ubuntu1~22.04) 11.4.0
Copyright (C) 2021 Free Software Foundation, Inc.
This is free software; see the source for copying conditions.  There is NO
warranty; not even for MERCHANTABILITY or FITNESS FOR A PARTICULAR PURPOSE.

configure:5530: $? = 0
configure:5519: gcc -v >&5
Using built-in specs.
COLLECT_GCC=gcc
COLLECT_LTO_WRAPPER=/usr/lib/gcc/x86_64-linux-gnu/11/lto-wrapper
OFFLOAD_TARGET_NAMES=nvptx-none:amdgcn-amdhsa
OFFLOAD_TARGET_DEFAULT=1
Target: x86_64-linux-gnu
Configured with: ../src/configure -v --with-pkgversion='Ubuntu 11.4.0-1ubuntu1~22.04' --with-bugurl=file:///usr/share/doc/gcc-11/README.Bugs --enable-languages=c,ada,c++,go,brig,d,fortran,objc,obj-c++,m2 --prefix=/usr --with-gcc-major-version-only --program-suffix=-11 --program-prefix=x86_64-linux-gnu- --enable-shared --enable-linker-build-id --libexecdir=/usr/lib --without-included-gettext --enable-threads=posix --libdir=/usr/lib --enable-nls --enable-bootstrap --enable-clocale=gnu --enable-libstdcxx-debug --enable-libstdcxx-time=yes --with-default-libstdcxx-abi=new --enable-gnu-unique-object --disable-vtable-verify --enable-plugin --enable-default-pie --with-system-zlib --enable-libphobos-checking=release --with-target-system-zlib=auto --enable-objc-gc=auto --enable-multiarch --disable-werror --enable-cet --with-arch-32=i686 --with-abi=m64 --with-multilib-list=m32,m64,mx32 --enable-multilib --with-tune=generic --enable-offload-targets=nvptx-none=/build/gcc-11-XeT9lY/gcc-11-11.4.0/debian/tmp-nvptx/usr,amdgcn-amdhsa=/build/gcc-11-XeT9lY/gcc-11-11.4.0/debian/tmp-gcn/usr --without-cuda-driver --enable-checking=release --build=x86_64-linux-gnu --host=x86_64-linux-gnu --target=x86_64-linux-gnu --with-build-config=bootstrap-lto-lean --enable-link-serialization=2
Thread model: posix
Supported LTO compression algorithms: zlib zstd
gcc version 11.4.0 (Ubuntu 11.4.0-1ubuntu1~22.04) 
... rest of stderr output deleted ...
configure:5530: $? = 0
configure:5519: gcc -V >&5
gcc: error: unrecognized command-line option '-V'
gcc: fatal error: no input files
compilation terminated.
configure:5530: $? = 1
configure:5519: gcc -qversion >&5
gcc: error: unrecognized command-line option '-qversion'; did you mean '--version'?
gcc: fatal error: no input files
compilation terminated.
configure:5530: $? = 1
configure:5519: gcc -version >&5
gcc: error: unrecognized command-line option '-version'
gcc: fatal error: no input files
compilation terminated.
configure:5530: $? = 1
configure:5534: checking whether the compiler supports GNU C
configure:5564: result: yes
configure:5575: checking whether gcc accepts -g
configure:5640: result: yes
configure:5660: checking for gcc option to enable C11 features
configure:5693: result: none needed
configure:5809: checking whether gcc understands -c and -o together
configure:5847: result: yes
configure:5866: checking dependency style of gcc
configure:5978: result: gcc3
configure:6062: checking for g++
configure:6083: found /usr/bin/g++
configure:6094: result: g++
configure:6121: checking for C++ compiler version
configure:6130: g++ --version >&5
g++ (Ubuntu 11.4.0-1ubuntu1~22.04) 11.4.0
Copyright (C) 2021 Free Software Foundation, Inc.
This is free software; see the source for copying conditions.  There is NO
warranty; not even for MERCHANTABILITY or FITNESS FOR A PARTICULAR PURPOSE.

configure:6141: $? = 0
configure:6130: g++ -v >&5
Using built-in specs.
COLLECT_GCC=g++
COLLECT_LTO_WRAPPER=/usr/lib/gcc/x86_64-linux-gnu/11/lto-wrapper
OFFLOAD_TARGET_NAMES=nvptx-none:amdgcn-amdhsa
OFFLOAD_TARGET_DEFAULT=1
Target: x86_64-linux-gnu
Configured with: ../src/configure -v --with-pkgversion='Ubuntu 11.4.0-1ubuntu1~22.04' --with-bugurl=file:///usr/share/doc/gcc-11/README.Bugs --enable-languages=c,ada,c++,go,brig,d,fortran,objc,obj-c++,m2 --prefix=/usr --with-gcc-major-version-only --program-suffix=-11 --program-prefix=x86_64-linux-gnu- --enable-shared --enable-linker-build-id --libexecdir=/usr/lib --without-included-gettext --enable-threads=posix --libdir=/usr/lib --enable-nls --enable-bootstrap --enable-clocale=gnu --enable-libstdcxx-debug --enable-libstdcxx-time=yes --with-default-libstdcxx-abi=new --enable-gnu-unique-object --disable-vtable-verify --enable-plugin --enable-default-pie --with-system-zlib --enable-libphobos-checking=release --with-target-system-zlib=auto --enable-objc-gc=auto --enable-multiarch --disable-werror --enable-cet --with-arch-32=i686 --with-abi=m64 --with-multilib-list=m32,m64,mx32 --enable-multilib --with-tune=generic --enable-offload-targets=nvptx-none=/build/gcc-11-XeT9lY/gcc-11-11.4.0/debian/tmp-nvptx/usr,amdgcn-amdhsa=/build/gcc-11-XeT9lY/gcc-11-11.4.0/debian/tmp-gcn/usr --without-cuda-driver --enable-checking=release --build=x86_64-linux-gnu --host=x86_64-linux-gnu --target=x86_64-linux-gnu --with-build-config=bootstrap-lto-lean --enable-link-serialization=2
Thread model: posix
Supported LTO compression algorithms: zlib zstd
gcc version 11.4.0 (Ubuntu 11.4.0-1ubuntu1~22.04) 
... rest of stderr output deleted ...
configure:6141: $? = 0
configure:6130: g++ -V >&5
g++: error: unrecognized command-line option '-V'
g++: fatal error: no input files
compilation terminated.
configure:6141: $? = 1
configure:6130: g++ -qversion >&5
g++: error: unrecognized command-line option '-qversion'; did you mean '--version'?
g++: fatal error: no input files
compilation terminated.
configure:6141: $? = 1
configure:6145: checking whether the compiler supports GNU C++
configure:6165: g++ -c   conftest.cpp >&5
configure:6165: $? = 0
configure:6175: result: yes
configure:6186: checking whether g++ accepts -g
configure:6207: g++ -c -g  conftest.cpp >&5
configure:6207: $? = 0
configure:6251: result: yes
configure:6271: checking for g++ option to enable C++11 features
configure:6286: g++  -c -g -O2  conftest.cpp >&5
conftest.cpp: In function 'int main(int, char**)':
conftest.cpp:177:25: warning: empty parentheses were disambiguated as a function declaration [-Wvexing-parse]
  177 |   cxx11test::delegate d2();
      |                         ^~
conftest.cpp:177:25: note: remove parentheses to default-initialize a variable
  177 |   cxx11test::delegate d2();
      |                         ^~
      |                         --
conftest.cpp:177:25: note: or replace parentheses with braces to value-initialize a variable
configure:6286: $? = 0
configure:6304: result: none needed
configure:6370: checking dependency style of g++
configure:6482: result: gcc3
configure:6530: checking build system type
configure:6545: result: x86_64-unknown-linux
configure:6565: checking host system type
configure:6579: result: x86_64-unknown-linux
configure:6620: checking how to print strings
configure:6647: result: printf
configure:6668: checking for a sed that does not truncate output
configure:6738: result: /usr/bin/sed
configure:6756: checking for grep that handles long lines and -e
configure:6820: result: /usr/bin/grep
configure:6825: checking for egrep
configure:6893: result: /usr/bin/grep -E
configure:6898: checking for fgrep
configure:6966: result: /usr/bin/grep -F
configure:7002: checking for ld used by gcc
configure:7070: result: /usr/bin/ld
configure:7077: checking if the linker (/usr/bin/ld) is GNU ld
configure:7093: result: yes
configure:7105: checking for BSD- or MS-compatible name lister (nm)
configure:7160: result: /usr/bin/nm -B
configure:7300: checking the name lister (/usr/bin/nm -B) interface
configure:7308: gcc -c -g -O2  conftest.c >&5
configure:7311: /usr/bin/nm -B "conftest.o"
configure:7314: output
0000000000000000 B some_variable
configure:7321: result: BSD nm
configure:7324: checking whether ln -s works
configure:7328: result: yes
configure:7336: checking the maximum length of command line arguments
configure:7468: result: 1572864
configure:7516: checking how to convert x86_64-unknown-linux file names to x86_64-unknown-linux format
configure:7557: result: func_convert_file_noop
configure:7564: checking how to convert x86_64-unknown-linux file names to toolchain format
configure:7585: result: func_convert_file_noop
configure:7592: checking for /usr/bin/ld option to reload object files
configure:7600: result: -r
configure:7679: checking for objdump
configure:7700: found /usr/bin/objdump
configure:7711: result: objdump
configure:7743: checking how to recognize dependent libraries
configure:7944: result: pass_all
configure:8034: checking for dlltool
configure:8069: result: no
configure:8099: checking how to associate runtime and link libraries
configure:8127: result: printf %s\n
configure:8193: checking for ar
configure:8214: found /usr/bin/ar
configure:8225: result: ar
configure:8262: checking for archiver @FILE support
configure:8280: gcc -c -g -O2  conftest.c >&5
configure:8280: $? = 0
configure:8284: ar cr libconftest.a @conftest.lst >&5
configure:8287: $? = 0
configure:8292: ar cr libconftest.a @conftest.lst >&5
ar: conftest.o: No such file or directory
configure:8295: $? = 1
configure:8307: result: @
configure:8370: checking for strip
configure:8391: found /usr/bin/strip
configure:8402: result: strip
configure:8479: checking for ranlib
configure:8500: found /usr/bin/ranlib
configure:8511: result: ranlib
configure:8613: checking command to parse /usr/bin/nm -B output from gcc object
configure:8767: gcc -c -g -O2  conftest.c >&5
configure:8770: $? = 0
configure:8774: /usr/bin/nm -B conftest.o | sed -n -e 's/^.*[	 ]\([ABCDGIRSTW][ABCDGIRSTW]*\)[	 ][	 ]*\([_A-Za-z][_A-Za-z0-9]*\)$/\1 \2 \2/p' | sed '/ __gnu_lto/d' > conftest.nm
configure:8840: gcc -o conftest -g -O2   conftest.c conftstm.o >&5
configure:8843: $? = 0
configure:8881: result: ok
configure:8928: checking for sysroot
configure:8959: result: no
configure:8966: checking for a working dd
configure:9010: result: /usr/bin/dd
configure:9014: checking how to truncate binary pipes
configure:9030: result: /usr/bin/dd bs=4096 count=1
configure:9167: gcc -c -g -O2  conftest.c >&5
configure:9170: $? = 0
configure:9367: checking for mt
configure:9402: result: no
configure:9422: checking if : is a manifest tool
configure:9429: : '-?'
configure:9437: result: no
configure:10167: checking for stdio.h
configure:10167: gcc -c -g -O2  conftest.c >&5
configure:10167: $? = 0
configure:10167: result: yes
configure:10167: checking for stdlib.h
configure:10167: gcc -c -g -O2  conftest.c >&5
configure:10167: $? = 0
configure:10167: result: yes
configure:10167: checking for string.h
configure:10167: gcc -c -g -O2  conftest.c >&5
configure:10167: $? = 0
configure:10167: result: yes
configure:10167: checking for inttypes.h
configure:10167: gcc -c -g -O2  conftest.c >&5
configure:10167: $? = 0
configure:10167: result: yes
configure:10167: checking for stdint.h
configure:10167: gcc -c -g -O2  conftest.c >&5
configure:10167: $? = 0
configure:10167: result: yes
configure:10167: checking for strings.h
configure:10167: gcc -c -g -O2  conftest.c >&5
configure:10167: $? = 0
configure:10167: result: yes
configure:10167: checking for sys/stat.h
configure:10167: gcc -c -g -O2  conftest.c >&5
configure:10167: $? = 0
configure:10167: result: yes
configure:10167: checking for sys/types.h
configure:10167: gcc -c -g -O2  conftest.c >&5
configure:10167: $? = 0
configure:10167: result: yes
configure:10167: checking for unistd.h
configure:10167: gcc -c -g -O2  conftest.c >&5
configure:10167: $? = 0
configure:10167: result: yes
configure:10167: checking for sys/time.h
configure:10167: gcc -c -g -O2  conftest.c >&5
configure:10167: $? = 0
configure:10167: result: yes
configure:10192: checking for dlfcn.h
configure:10192: gcc -c -g -O2  conftest.c >&5
configure:10192: $? = 0
configure:10192: result: yes
configure:10462: checking for objdir
configure:10478: result: .libs
configure:10738: checking if gcc supports -fno-rtti -fno-exceptions
configure:10757: gcc -c -g -O2  -fno-rtti -fno-exceptions conftest.c >&5
cc1: warning: command-line option '-fno-rtti' is valid for C++/D/ObjC++ but not for C
configure:10761: $? = 0
configure:10774: result: no
configure:11138: checking for gcc option to produce PIC
configure:11146: result: -fPIC -DPIC
configure:11154: checking if gcc PIC flag -fPIC -DPIC works
configure:11173: gcc -c -g -O2  -fPIC -DPIC -DPIC conftest.c >&5
configure:11177: $? = 0
configure:11190: result: yes
configure:11219: checking if gcc static flag -static works
configure:11248: result: yes
configure:11263: checking if gcc supports -c -o file.o
configure:11285: gcc -c -g -O2  -o out/conftest2.o conftest.c >&5
configure:11289: $? = 0
configure:11311: result: yes
configure:11319: checking if gcc supports -c -o file.o
configure:11367: result: yes
configure:11400: checking whether the gcc linker (/usr/bin/ld -m elf_x86_64) supports shared libraries
configure:12670: result: yes
configure:12707: checking whether -lc should be explicitly linked in
configure:12716: gcc -c -g -O2  conftest.c >&5
configure:12719: $? = 0
configure:12734: gcc -shared  -fPIC -DPIC conftest.o  -v -Wl,-soname -Wl,conftest -o conftest 2\>\&1 \| /usr/bin/grep  -lc  \>/dev/null 2\>\&1
configure:12737: $? = 0
configure:12751: result: no
configure:12911: checking dynamic linker characteristics
configure:13493: gcc -o conftest -g -O2   -Wl,-rpath -Wl,/foo conftest.c  >&5
configure:13493: $? = 0
configure:13744: result: GNU/Linux ld.so
configure:13866: checking how to hardcode library paths into programs
configure:13891: result: immediate
configure:14443: checking whether stripping libraries is possible
configure:14448: result: yes
configure:14483: checking if libtool supports shared libraries
configure:14485: result: yes
configure:14488: checking whether to build shared libraries
configure:14513: result: yes
configure:14516: checking whether to build static libraries
configure:14520: result: yes
configure:14543: checking how to run the C++ preprocessor
configure:14565: g++ -E  conftest.cpp
configure:14565: $? = 0
configure:14580: g++ -E  conftest.cpp
conftest.cpp:24:10: fatal error: ac_nonexistent.h: No such file or directory
   24 | #include <ac_nonexistent.h>
      |          ^~~~~~~~~~~~~~~~~~
compilation terminated.
configure:14580: $? = 1
configure: failed program was:
| /* confdefs.h */
| #define PACKAGE_NAME "tol"
| #define PACKAGE_TARNAME "tol"
| #define PACKAGE_VERSION "1.1.7"
| #define PACKAGE_STRING "tol 1.1.7"
| #define PACKAGE_BUGREPORT "daniel@uponeits.com"
| #define PACKAGE_URL ""
| #define PACKAGE "tol"
| #define VERSION "1.1.7"
| #define HAVE_STDIO_H 1
| #define HAVE_STDLIB_H 1
| #define HAVE_STRING_H 1
| #define HAVE_INTTYPES_H 1
| #define HAVE_STDINT_H 1
| #define HAVE_STRINGS_H 1
| #define HAVE_SYS_STAT_H 1
| #define HAVE_SYS_TYPES_H 1
| #define HAVE_UNISTD_H 1
| #define HAVE_SYS_TIME_H 1
| #define STDC_HEADERS 1
| #define HAVE_DLFCN_H 1
| #define LT_OBJDIR ".libs/"
| /* end confdefs.h.  */
| #include <ac_nonexistent.h>
configure:14607: result: g++ -E
configure:14621: g++ -E  conftest.cpp
configure:14621: $? = 0
configure:14636: g++ -E  conftest.cpp
conftest.cpp:24:10: fatal error: ac_nonexistent.h: No such file or directory
   24 | #include <ac_nonexistent.h>
      |          ^~~~~~~~~~~~~~~~~~
compilation terminated.
configure:14636: $? = 1
configure: failed program was:
| /* confdefs.h */
| #define PACKAGE_NAME "tol"
| #define PACKAGE_TARNAME "tol"
| #define PACKAGE_VERSION "1.1.7"
| #define PACKAGE_STRING "tol 1.1.7"
| #define PACKAGE_BUGREPORT "daniel@uponeits.com"
| #define PACKAGE_URL ""
| #define PACKAGE "tol"
| #define VERSION "1.1.7"
| #define HAVE_STDIO_H 1
| #define HAVE_STDLIB_H 1
| #define HAVE_STRING_H 1
| #define HAVE_INTTYPES_H 1
| #define HAVE_STDINT_H 1
| #define HAVE_STRINGS_H 1
| #define HAVE_SYS_STAT_H 1
| #define HAVE_SYS_TYPES_H 1
| #define HAVE_UNISTD_H 1
| #define HAVE_SYS_TIME_H 1
| #define STDC_HEADERS 1
| #define HAVE_DLFCN_H 1
| #define LT_OBJDIR ".libs/"
| /* end confdefs.h.  */
| #include <ac_nonexistent.h>
configure:14801: checking for ld used by g++
configure:14869: result: /usr/bin/ld -m elf_x86_64
configure:14876: checking if the linker (/usr/bin/ld -m elf_x86_64) is GNU ld
configure:14892: result: yes
configure:14947: checking whether the g++ linker (/usr/bin/ld -m elf_x86_64) supports shared libraries
configure:16024: result: yes
configure:16060: g++ -c -g -O2  conftest.cpp >&5
configure:16063: $? = 0
configure:16544: checking for g++ option to produce PIC
configure:16552: result: -fPIC -DPIC
configure:16560: checking if g++ PIC flag -fPIC -DPIC works
configure:16579: g++ -c -g -O2  -fPIC -DPIC -DPIC conftest.cpp >&5
configure:16583: $? = 0
configure:16596: result: yes
configure:16619: checking if g++ static flag -static works
configure:16648: result: yes
configure:16660: checking if g++ supports -c -o file.o
configure:16682: g++ -c -g -O2  -o out/conftest2.o conftest.cpp >&5
configure:16686: $? = 0
configure:16708: result: yes
configure:16713: checking if g++ supports -c -o file.o
configure:16761: result: yes
configure:16791: checking whether the g++ linker (/usr/bin/ld -m elf_x86_64) supports shared libraries
configure:16834: result: yes
configure:16976: checking dynamic linker characteristics
configure:17736: result: GNU/Linux ld.so
configure:17801: checking how to hardcode library paths into programs
configure:17826: result: immediate
configure:17915: checking for dlfcn.h
configure:17915: result: yes
configure:17971: checking for dlsym in -ldl
configure:17994: gcc -o conftest -O2   conftest.c -ldl   >&5
configure:17994: $? = 0
configure:18004: result: yes
configure:18106: checking for /usr/lib/pkgconfig/gsl.pc
configure:18120: result: no
configure:18159: checking for gsl/gsl_version.h
configure:18159: gcc -c -O2  conftest.c >&5
configure:18159: $? = 0
configure:18159: result: yes
configure:18215: checking for gsl_rng_alloc in -lgsl
configure:18238: gcc -o conftest -O2   conftest.c -lgsl   >&5
configure:18238: $? = 0
configure:18248: result: yes
configure:18307: checking for cblas_zsymm in -lgslcblas
configure:18330: gcc -o conftest -O2   conftest.c -lgslcblas   >&5
configure:18330: $? = 0
configure:18340: result: yes
configure:18459: checking for cblas.h
configure:18459: gcc -c -O2  conftest.c >&5
configure:18459: $? = 0
configure:18459: result: yes
configure:18515: checking for cblas_dtrsm in -lblas
configure:18538: gcc -o conftest -O2   conftest.c -lblas   >&5
configure:18538: $? = 0
configure:18548: result: yes
configure:18656: checking for clapack.h
configure:18656: gcc -c -O2  conftest.c >&5
configure:18656: $? = 0
configure:18656: result: yes
configure:18712: checking for lapack_atlas in -llapack
configure:18735: gcc -o conftest -O2   conftest.c -llapack   >&5
/usr/bin/ld: /tmp/cctqvBcB.o: in function `main':
conftest.c:(.text.startup+0xb): undefined reference to `lapack_atlas'
collect2: error: ld returned 1 exit status
configure:18735: $? = 1
configure: failed program was:
| /* confdefs.h */
| #define PACKAGE_NAME "tol"
| #define PACKAGE_TARNAME "tol"
| #define PACKAGE_VERSION "1.1.7"
| #define PACKAGE_STRING "tol 1.1.7"
| #define PACKAGE_BUGREPORT "daniel@uponeits.com"
| #define PACKAGE_URL ""
| #define PACKAGE "tol"
| #define VERSION "1.1.7"
| #define HAVE_STDIO_H 1
| #define HAVE_STDLIB_H 1
| #define HAVE_STRING_H 1
| #define HAVE_INTTYPES_H 1
| #define HAVE_STDINT_H 1
| #define HAVE_STRINGS_H 1
| #define HAVE_SYS_STAT_H 1
| #define HAVE_SYS_TYPES_H 1
| #define HAVE_UNISTD_H 1
| #define HAVE_SYS_TIME_H 1
| #define STDC_HEADERS 1
| #define HAVE_DLFCN_H 1
| #define LT_OBJDIR ".libs/"
| /* end confdefs.h.  */
| 
| /* Override any GCC internal prototype to avoid an error.
|    Use char because int might match the return type of a GCC
|    builtin and then its argument prototype would still apply.  */
| char lapack_atlas ();
| int
| main (void)
| {
| return lapack_atlas ();
|   ;
|   return 0;
| }
configure:18745: result: no
configure:18762: checking for liblapack.so in /usr/lib/x86_64-linux-gnu
configure:18768: result: yes
configure:18853: checking for cholmod.h
configure:18853: gcc -c -O2  conftest.c >&5
conftest.c:52:10: fatal error: cholmod.h: No such file or directory
   52 | #include <cholmod.h>
      |          ^~~~~~~~~~~
compilation terminated.
configure:18853: $? = 1
configure: failed program was:
| /* confdefs.h */
| #define PACKAGE_NAME "tol"
| #define PACKAGE_TARNAME "tol"
| #define PACKAGE_VERSION "1.1.7"
| #define PACKAGE_STRING "tol 1.1.7"
| #define PACKAGE_BUGREPORT "daniel@uponeits.com"
| #define PACKAGE_URL ""
| #define PACKAGE "tol"
| #define VERSION "1.1.7"
| #define HAVE_STDIO_H 1
| #define HAVE_STDLIB_H 1
| #define HAVE_STRING_H 1
| #define HAVE_INTTYPES_H 1
| #define HAVE_STDINT_H 1
| #define HAVE_STRINGS_H 1
| #define HAVE_SYS_STAT_H 1
| #define HAVE_SYS_TYPES_H 1
| #define HAVE_UNISTD_H 1
| #define HAVE_SYS_TIME_H 1
| #define STDC_HEADERS 1
| #define HAVE_DLFCN_H 1
| #define LT_OBJDIR ".libs/"
| /* end confdefs.h.  */
| #include <stddef.h>
| #ifdef HAVE_STDIO_H
| # include <stdio.h>
| #endif
| #ifdef HAVE_STDLIB_H
| # include <stdlib.h>
| #endif
| #ifdef HAVE_STRING_H
| # include <string.h>
| #endif
| #ifdef HAVE_INTTYPES_H
| # include <inttypes.h>
| #endif
| #ifdef HAVE_STDINT_H
| # include <stdint.h>
| #endif
| #ifdef HAVE_STRINGS_H
| # include <strings.h>
| #endif
| #ifdef HAVE_SYS_TYPES_H
| # include <sys/types.h>
| #endif
| #ifdef HAVE_SYS_STAT_H
| # include <sys/stat.h>
| #endif
| #ifdef HAVE_UNISTD_H
| # include <unistd.h>
| #endif
| #include <cholmod.h>
configure:18853: result: no
configure:18869: checking for cholmod.h in /usr/include/suitesparse
configure:18875: result: yes
configure:18909: checking for cholmod_start in -lcholmod
configure:18932: gcc -o conftest -O2   conftest.c -lcholmod   >&5
configure:18932: $? = 0
configure:18942: result: yes
configure:19050: checking for bzlib.h
configure:19050: gcc -c -O2  conftest.c >&5
configure:19050: $? = 0
configure:19050: result: yes
configure:19106: checking for BZ2_bzBuffToBuffCompress in -lbz2
configure:19129: gcc -o conftest -O2   conftest.c -lbz2   >&5
configure:19129: $? = 0
configure:19139: result: yes
configure:19247: checking for ZipArchive.h
configure:19247: gcc -c -O2  conftest.c >&5
conftest.c:52:10: fatal error: ZipArchive.h: No such file or directory
   52 | #include <ZipArchive.h>
      |          ^~~~~~~~~~~~~~
compilation terminated.
configure:19247: $? = 1
configure: failed program was:
| /* confdefs.h */
| #define PACKAGE_NAME "tol"
| #define PACKAGE_TARNAME "tol"
| #define PACKAGE_VERSION "1.1.7"
| #define PACKAGE_STRING "tol 1.1.7"
| #define PACKAGE_BUGREPORT "daniel@uponeits.com"
| #define PACKAGE_URL ""
| #define PACKAGE "tol"
| #define VERSION "1.1.7"
| #define HAVE_STDIO_H 1
| #define HAVE_STDLIB_H 1
| #define HAVE_STRING_H 1
| #define HAVE_INTTYPES_H 1
| #define HAVE_STDINT_H 1
| #define HAVE_STRINGS_H 1
| #define HAVE_SYS_STAT_H 1
| #define HAVE_SYS_TYPES_H 1
| #define HAVE_UNISTD_H 1
| #define HAVE_SYS_TIME_H 1
| #define STDC_HEADERS 1
| #define HAVE_DLFCN_H 1
| #define LT_OBJDIR ".libs/"
| /* end confdefs.h.  */
| #include <stddef.h>
| #ifdef HAVE_STDIO_H
| # include <stdio.h>
| #endif
| #ifdef HAVE_STDLIB_H
| # include <stdlib.h>
| #endif
| #ifdef HAVE_STRING_H
| # include <string.h>
| #endif
| #ifdef HAVE_INTTYPES_H
| # include <inttypes.h>
| #endif
| #ifdef HAVE_STDINT_H
| # include <stdint.h>
| #endif
| #ifdef HAVE_STRINGS_H
| # include <strings.h>
| #endif
| #ifdef HAVE_SYS_TYPES_H
| # include <sys/types.h>
| #endif
| #ifdef HAVE_SYS_STAT_H
| # include <sys/stat.h>
| #endif
| #ifdef HAVE_UNISTD_H
| # include <unistd.h>
| #endif
| #include <ZipArchive.h>
configure:19247: result: no
configure:19272: checking for ZipArchive.h in /usr/include or /usr/local/include
configure:19278: result: 
configure:19289: error: Cannot find header ZipArchive.h (package: The ZipArchive Library)

## ---------------- ##
## Cache variables. ##
## ---------------- ##

ac_cv_build=x86_64-unknown-linux
ac_cv_c_compiler_gnu=yes
ac_cv_cxx_compiler_gnu=yes
ac_cv_env_CCC_set=
ac_cv_env_CCC_value=
ac_cv_env_CC_set=
ac_cv_env_CC_value=
ac_cv_env_CFLAGS_set=
ac_cv_env_CFLAGS_value=
ac_cv_env_CPPFLAGS_set=
ac_cv_env_CPPFLAGS_value=
ac_cv_env_CPP_set=
ac_cv_env_CPP_value=
ac_cv_env_CXXCPP_set=
ac_cv_env_CXXCPP_value=
ac_cv_env_CXXFLAGS_set=
ac_cv_env_CXXFLAGS_value=
ac_cv_env_CXX_set=
ac_cv_env_CXX_value=
ac_cv_env_LDFLAGS_set=
ac_cv_env_LDFLAGS_value=
ac_cv_env_LIBS_set=
ac_cv_env_LIBS_value=
ac_cv_env_LT_SYS_LIBRARY_PATH_set=
ac_cv_env_LT_SYS_LIBRARY_PATH_value=
ac_cv_env_build_alias_set=
ac_cv_env_build_alias_value=
ac_cv_env_host_alias_set=
ac_cv_env_host_alias_value=
ac_cv_env_target_alias_set=
ac_cv_env_target_alias_value=
ac_cv_file__usr_lib_pkgconfig_gsl_pc=no
ac_cv_header_ZipArchive_h=no
ac_cv_header_blas=yes
ac_cv_header_bz2=yes
ac_cv_header_bzlib_h=yes
ac_cv_header_cblas_h=yes
ac_cv_header_cholmod=yes
ac_cv_header_cholmod_h=no
ac_cv_header_clapack_h=yes
ac_cv_header_dl=yes
ac_cv_header_dlfcn_h=yes
ac_cv_header_gsl=yes
ac_cv_header_gsl_gsl_version_h=yes
ac_cv_header_inttypes_h=yes
ac_cv_header_lapack=yes
ac_cv_header_stdint_h=yes
ac_cv_header_stdio_h=yes
ac_cv_header_stdlib_h=yes
ac_cv_header_string_h=yes
ac_cv_header_strings_h=yes
ac_cv_header_sys_stat_h=yes
ac_cv_header_sys_time_h=yes
ac_cv_header_sys_types_h=yes
ac_cv_header_unistd_h=yes
ac_cv_host=x86_64-unknown-linux
ac_cv_lib_blas=yes
ac_cv_lib_blas_cblas_dtrsm=yes
ac_cv_lib_bz2=yes
ac_cv_lib_bz2_BZ2_bzBuffToBuffCompress=yes
ac_cv_lib_cholmod=yes
ac_cv_lib_cholmod_cholmod_start=yes
ac_cv_lib_dl=yes
ac_cv_lib_dl_dlsym=yes
ac_cv_lib_gsl=yes
ac_cv_lib_gsl_gsl_rng_alloc=yes
ac_cv_lib_gslcblas=yes
ac_cv_lib_gslcblas_cblas_zsymm=yes
ac_cv_lib_lapack=yes
ac_cv_lib_lapack_lapack_atlas=no
ac_cv_objext=o
ac_cv_path_EGREP='/usr/bin/grep -E'
ac_cv_path_FGREP='/usr/bin/grep -F'
ac_cv_path_GREP=/usr/bin/grep
ac_cv_path_SED=/usr/bin/sed
ac_cv_path_install='/usr/bin/install -c'
ac_cv_path_lt_DD=/usr/bin/dd
ac_cv_path_mkdir=/usr/bin/mkdir
ac_cv_prog_AWK=mawk
ac_cv_prog_CPP='gcc -E'
ac_cv_prog_CXXCPP='g++ -E'
ac_cv_prog_ac_ct_AR=ar
ac_cv_prog_ac_ct_CC=gcc
ac_cv_prog_ac_ct_CXX=g++
ac_cv_prog_ac_ct_OBJDUMP=objdump
ac_cv_prog_ac_ct_RANLIB=ranlib
ac_cv_prog_ac_ct_STRIP=strip
ac_cv_prog_cc_c11=
ac_cv_prog_cc_g=yes
ac_cv_prog_cc_stdc=
ac_cv_prog_cxx_11=no
ac_cv_prog_cxx_cxx11=
ac_cv_prog_cxx_g=yes
ac_cv_prog_cxx_stdcxx=
ac_cv_prog_make_make_set=yes
am_cv_CC_dependencies_compiler_type=gcc3
am_cv_CXX_dependencies_compiler_type=gcc3
am_cv_make_support_nested_variables=yes
am_cv_prog_cc_c_o=yes
lt_cv_ar_at_file=@
lt_cv_archive_cmds_need_lc=no
lt_cv_deplibs_check_method=pass_all
lt_cv_file_magic_cmd='$MAGIC_CMD'
lt_cv_file_magic_test_file=
lt_cv_ld_reload_flag=-r
lt_cv_nm_interface='BSD nm'
lt_cv_objdir=.libs
lt_cv_path_LD=/usr/bin/ld
lt_cv_path_LDCXX='/usr/bin/ld -m elf_x86_64'
lt_cv_path_NM='/usr/bin/nm -B'
lt_cv_path_mainfest_tool=no
lt_cv_prog_compiler_c_o=yes
lt_cv_prog_compiler_c_o_CXX=yes
lt_cv_prog_compiler_pic='-fPIC -DPIC'
lt_cv_prog_compiler_pic_CXX='-fPIC -DPIC'
lt_cv_prog_compiler_pic_works=yes
lt_cv_prog_compiler_pic_works_CXX=yes
lt_cv_prog_compiler_rtti_exceptions=no
lt_cv_prog_compiler_static_works=yes
lt_cv_prog_compiler_static_works_CXX=yes
lt_cv_prog_gnu_ld=yes
lt_cv_prog_gnu_ldcxx=yes
lt_cv_sharedlib_from_linklib_cmd='printf %s\n'
lt_cv_shlibpath_overrides_runpath=yes
lt_cv_sys_global_symbol_pipe='sed -n -e '\''s/^.*[	 ]\([ABCDGIRSTW][ABCDGIRSTW]*\)[	 ][	 ]*\([_A-Za-z][_A-Za-z0-9]*\)$/\1 \2 \2/p'\'' | sed '\''/ __gnu_lto/d'\'''
lt_cv_sys_global_symbol_to_c_name_address='sed -n -e '\''s/^: \(.*\) .*$/  {"\1", (void *) 0},/p'\'' -e '\''s/^[ABCDGIRSTW][ABCDGIRSTW]* .* \(.*\)$/  {"\1", (void *) \&\1},/p'\'''
lt_cv_sys_global_symbol_to_c_name_address_lib_prefix='sed -n -e '\''s/^: \(.*\) .*$/  {"\1", (void *) 0},/p'\'' -e '\''s/^[ABCDGIRSTW][ABCDGIRSTW]* .* \(lib.*\)$/  {"\1", (void *) \&\1},/p'\'' -e '\''s/^[ABCDGIRSTW][ABCDGIRSTW]* .* \(.*\)$/  {"lib\1", (void *) \&\1},/p'\'''
lt_cv_sys_global_symbol_to_cdecl='sed -n -e '\''s/^T .* \(.*\)$/extern int \1();/p'\'' -e '\''s/^[ABCDGIRSTW][ABCDGIRSTW]* .* \(.*\)$/extern char \1;/p'\'''
lt_cv_sys_global_symbol_to_import=
lt_cv_sys_max_cmd_len=1572864
lt_cv_to_host_file_cmd=func_convert_file_noop
lt_cv_to_tool_file_cmd=func_convert_file_noop
lt_cv_truncate_bin='/usr/bin/dd bs=4096 count=1'

## ----------------- ##
## Output variables. ##
## ----------------- ##

ACLOCAL='${SHELL} '\''/mnt/persist/workspace/tol-master/tol/config/missing'\'' aclocal-1.16'
AMDEPBACKSLASH='\'
AMDEP_FALSE='#'
AMDEP_TRUE=''
AMTAR='$${TAR-tar}'
AM_BACKSLASH='\'
AM_DEFAULT_V='$(AM_DEFAULT_VERBOSITY)'
AM_DEFAULT_VERBOSITY='1'
AM_V='$(V)'
AR='ar'
AUTOCONF='${SHELL} '\''/mnt/persist/workspace/tol-master/tol/config/missing'\'' autoconf'
AUTOHEADER='${SHELL} '\''/mnt/persist/workspace/tol-master/tol/config/missing'\'' autoheader'
AUTOMAKE='${SHELL} '\''/mnt/persist/workspace/tol-master/tol/config/missing'\'' automake-1.16'
AWK='mawk'
CC='gcc'
CCDEPMODE='depmode=gcc3'
CFLAGS='-O2'
CPP='gcc -E'
CPPFLAGS=''
CSCOPE='cscope'
CTAGS='ctags'
CXX='g++'
CXXCPP='g++ -E'
CXXDEPMODE='depmode=gcc3'
CXXFLAGS='-O2'
CYGPATH_W='echo'
DEFS=''
DEPDIR='.deps'
DLLTOOL='false'
DSYMUTIL=''
DUMPBIN=''
ECHO_C=''
ECHO_N='-n'
ECHO_T=''
EGREP='/usr/bin/grep -E'
ETAGS='etags'
EXEEXT=''
FGREP='/usr/bin/grep -F'
GREP='/usr/bin/grep'
HAVE_blas_CPPFLAGS_FALSE=''
HAVE_blas_CPPFLAGS_TRUE='#'
HAVE_blas_LDFLAGS_FALSE='#'
HAVE_blas_LDFLAGS_TRUE=''
HAVE_bz2_CPPFLAGS_FALSE=''
HAVE_bz2_CPPFLAGS_TRUE='#'
HAVE_bz2_LDFLAGS_FALSE='#'
HAVE_bz2_LDFLAGS_TRUE=''
HAVE_cholmod_CPPFLAGS_FALSE='#'
HAVE_cholmod_CPPFLAGS_TRUE=''
HAVE_cholmod_LDFLAGS_FALSE='#'
HAVE_cholmod_LDFLAGS_TRUE=''
HAVE_dl_CPPFLAGS_FALSE=''
HAVE_dl_CPPFLAGS_TRUE='#'
HAVE_dl_LDFLAGS_FALSE='#'
HAVE_dl_LDFLAGS_TRUE=''
HAVE_gsl_CPPFLAGS_FALSE=''
HAVE_gsl_CPPFLAGS_TRUE='#'
HAVE_gsl_LDFLAGS_FALSE='#'
HAVE_gsl_LDFLAGS_TRUE=''
HAVE_gslcblas_LDFLAGS_FALSE='#'
HAVE_gslcblas_LDFLAGS_TRUE=''
HAVE_lapack_CPPFLAGS_FALSE=''
HAVE_lapack_CPPFLAGS_TRUE='#'
HAVE_lapack_LDFLAGS_FALSE='#'
HAVE_lapack_LDFLAGS_TRUE=''
HAVE_ziparch_CPPFLAGS_FALSE=''
HAVE_ziparch_CPPFLAGS_TRUE=''
HAVE_ziparch_LDFLAGS_FALSE=''
HAVE_ziparch_LDFLAGS_TRUE=''
INSTALL_DATA='${INSTALL} -m 644'
INSTALL_PROGRAM='${INSTALL}'
INSTALL_SCRIPT='${INSTALL}'
INSTALL_STRIP_PROGRAM='$(install_sh) -c -s'
LD='/usr/bin/ld -m elf_x86_64'
LDFLAGS=''
LIBOBJS=''
LIBS=''
LIBTOOL='$(SHELL) $(top_builddir)/libtool'
LIPO=''
LN_S='ln -s'
LTLIBOBJS=''
LT_SYS_LIBRARY_PATH=''
MAKEINFO='${SHELL} '\''/mnt/persist/workspace/tol-master/tol/config/missing'\'' makeinfo'
MANIFEST_TOOL=':'
MKDIR_P='/usr/bin/mkdir -p'
NM='/usr/bin/nm -B'
NMEDIT=''
OBJDUMP='objdump'
OBJEXT='o'
OIS_FALSE=''
OIS_TRUE=''
OTOOL64=''
OTOOL=''
PACKAGE='tol'
PACKAGE_BUGREPORT='daniel@uponeits.com'
PACKAGE_NAME='tol'
PACKAGE_STRING='tol 1.1.7'
PACKAGE_TARNAME='tol'
PACKAGE_URL=''
PACKAGE_VERSION='1.1.7'
PATH_SEPARATOR=':'
POW_LIB=''
RANLIB='ranlib'
SED='/usr/bin/sed'
SET_MAKE=''
SHELL='/bin/bash'
STRIP='strip'
TOL_LT_VERSION='0:0:0'
VERSION='1.1.7'
ac_aux_dir='./config/'
ac_ct_AR='ar'
ac_ct_CC='gcc'
ac_ct_CXX='g++'
ac_ct_DUMPBIN=''
am__EXEEXT_FALSE=''
am__EXEEXT_TRUE=''
am__fastdepCC_FALSE='#'
am__fastdepCC_TRUE=''
am__fastdepCXX_FALSE='#'
am__fastdepCXX_TRUE=''
am__include='include'
am__isrc=''
am__leading_dot='.'
am__nodep='_no'
am__quote=''
am__tar='$${TAR-tar} chof - "$$tardir"'
am__untar='$${TAR-tar} xf -'
bindir='${exec_prefix}/bin'
blas_CPPFLAGS=''
blas_LDFLAGS='-lblas'
build='x86_64-unknown-linux'
build_alias=''
build_cpu='x86_64'
build_os='linux'
build_vendor='unknown'
bz2_CPPFLAGS=''
bz2_LDFLAGS='-lbz2'
cholmod_CPPFLAGS='-I/usr/include/suitesparse'
cholmod_LDFLAGS='-lcholmod'
datadir='${datarootdir}'
datarootdir='${prefix}/share'
dl_CPPFLAGS=''
dl_LDFLAGS='-ldl'
docdir='${datarootdir}/doc/${PACKAGE_TARNAME}'
dvidir='${docdir}'
exec_prefix='NONE'
gsl_CPPFLAGS=''
gsl_LDFLAGS='-lgsl'
gslcblas_LDFLAGS='-lgslcblas'
host='x86_64-unknown-linux'
host_alias=''
host_cpu='x86_64'
host_os='linux'
host_vendor='unknown'
htmldir='${docdir}'
includedir='${prefix}/include'
infodir='${datarootdir}/info'
install_sh='${SHELL} /mnt/persist/workspace/tol-master/tol/config/install-sh'
lapack_CPPFLAGS=''
lapack_LDFLAGS='-L/usr/lib/x86_64-linux-gnu -llapack'
libdir='${exec_prefix}/lib'
libexecdir='${exec_prefix}/libexec'
localedir='${datarootdir}/locale'
localstatedir='${prefix}/var'
mandir='${datarootdir}/man'
mkdir_p='$(MKDIR_P)'
oldincludedir='/usr/include'
pdfdir='${docdir}'
prefix='/home/augment-agent/tol-install'
program_transform_name='s,x,x,'
psdir='${docdir}'
runstatedir='${localstatedir}/run'
sbindir='${exec_prefix}/sbin'
sharedstatedir='${prefix}/com'
sysconfdir='${prefix}/etc'
target_alias=''
ziparch_CPPFLAGS=''
ziparch_LDFLAGS=''

## ----------- ##
## confdefs.h. ##
## ----------- ##

/* confdefs.h */
#define PACKAGE_NAME "tol"
#define PACKAGE_TARNAME "tol"
#define PACKAGE_VERSION "1.1.7"
#define PACKAGE_STRING "tol 1.1.7"
#define PACKAGE_BUGREPORT "daniel@uponeits.com"
#define PACKAGE_URL ""
#define PACKAGE "tol"
#define VERSION "1.1.7"
#define HAVE_STDIO_H 1
#define HAVE_STDLIB_H 1
#define HAVE_STRING_H 1
#define HAVE_INTTYPES_H 1
#define HAVE_STDINT_H 1
#define HAVE_STRINGS_H 1
#define HAVE_SYS_STAT_H 1
#define HAVE_SYS_TYPES_H 1
#define HAVE_UNISTD_H 1
#define HAVE_SYS_TIME_H 1
#define STDC_HEADERS 1
#define HAVE_DLFCN_H 1
#define LT_OBJDIR ".libs/"

configure: exit 1
